

================================================================
== Vivado HLS Report for 'gemvm'
================================================================
* Date:           Fri Nov 25 11:49:24 2022

* Version:        2019.2 (Build 2704478 on Wed Nov 06 22:10:23 MST 2019)
* Project:        LSTM
* Solution:       solution1
* Product family: zynq
* Target device:  xc7z020-clg400-1


================================================================
== Performance Estimates
================================================================
+ Timing: 
    * Summary: 
    +--------+----------+----------+------------+
    |  Clock |  Target  | Estimated| Uncertainty|
    +--------+----------+----------+------------+
    |ap_clk  | 10.00 ns | 9.571 ns |   1.25 ns  |
    +--------+----------+----------+------------+

+ Latency: 
    * Summary: 
    +---------+---------+-----------+-----------+------+------+---------+
    |  Latency (cycles) |   Latency (absolute)  |   Interval  | Pipeline|
    |   min   |   max   |    min    |    max    |  min |  max |   Type  |
    +---------+---------+-----------+-----------+------+------+---------+
    |     3366|     3366| 33.660 us | 33.660 us |  3366|  3366|   none  |
    +---------+---------+-----------+-----------+------+------+---------+

    + Detail: 
        * Instance: 
        N/A

        * Loop: 
        +--------------+---------+---------+----------+-----------+-----------+------+----------+
        |              |  Latency (cycles) | Iteration|  Initiation Interval  | Trip |          |
        |   Loop Name  |   min   |   max   |  Latency |  achieved |   target  | Count| Pipelined|
        +--------------+---------+---------+----------+-----------+-----------+------+----------+
        |- loop_outer  |     3364|     3364|       467|         46|          1|    64|    yes   |
        +--------------+---------+---------+----------+-----------+-----------+------+----------+



================================================================
== Utilization Estimates
================================================================
* Summary: 
+-----------------+---------+-------+--------+-------+-----+
|       Name      | BRAM_18K| DSP48E|   FF   |  LUT  | URAM|
+-----------------+---------+-------+--------+-------+-----+
|DSP              |        -|      -|       -|      -|    -|
|Expression       |        -|      -|       0|   1580|    -|
|FIFO             |        -|      -|       -|      -|    -|
|Instance         |        -|     10|     696|   1422|    -|
|Memory           |        -|      -|       -|      -|    -|
|Multiplexer      |        -|      -|       -|   1731|    -|
|Register         |        0|      -|    9226|   2368|    -|
+-----------------+---------+-------+--------+-------+-----+
|Total            |        0|     10|    9922|   7101|    0|
+-----------------+---------+-------+--------+-------+-----+
|Available        |      280|    220|  106400|  53200|    0|
+-----------------+---------+-------+--------+-------+-----+
|Utilization (%)  |        0|      4|       9|     13|    0|
+-----------------+---------+-------+--------+-------+-----+

+ Detail: 
    * Instance: 
    +-------------------------+----------------------+---------+-------+-----+-----+-----+
    |         Instance        |        Module        | BRAM_18K| DSP48E|  FF | LUT | URAM|
    +-------------------------+----------------------+---------+-------+-----+-----+-----+
    |LSTM_Top_fadd_32nbkb_U1  |LSTM_Top_fadd_32nbkb  |        0|      2|  205|  390|    0|
    |LSTM_Top_fadd_32nbkb_U2  |LSTM_Top_fadd_32nbkb  |        0|      2|  205|  390|    0|
    |LSTM_Top_fmul_32ncud_U3  |LSTM_Top_fmul_32ncud  |        0|      3|  143|  321|    0|
    |LSTM_Top_fmul_32ncud_U4  |LSTM_Top_fmul_32ncud  |        0|      3|  143|  321|    0|
    +-------------------------+----------------------+---------+-------+-----+-----+-----+
    |Total                    |                      |        0|     10|  696| 1422|    0|
    +-------------------------+----------------------+---------+-------+-----+-----+-----+

    * DSP48E: 
    N/A

    * Memory: 
    N/A

    * FIFO: 
    N/A

    * Expression: 
    +------------------------+----------+-------+---+----+------------+------------+
    |      Variable Name     | Operation| DSP48E| FF| LUT| Bitwidth P0| Bitwidth P1|
    +------------------------+----------+-------+---+----+------------+------------+
    |add_ln29_10_fu_2240_p2  |     +    |      0|  0|  17|          13|           4|
    |add_ln29_11_fu_2251_p2  |     +    |      0|  0|  17|          13|           4|
    |add_ln29_12_fu_2262_p2  |     +    |      0|  0|  17|          13|           5|
    |add_ln29_13_fu_2273_p2  |     +    |      0|  0|  17|          13|           5|
    |add_ln29_14_fu_2284_p2  |     +    |      0|  0|  17|          13|           5|
    |add_ln29_15_fu_2295_p2  |     +    |      0|  0|  17|          13|           5|
    |add_ln29_16_fu_2306_p2  |     +    |      0|  0|  17|          13|           5|
    |add_ln29_17_fu_2317_p2  |     +    |      0|  0|  17|          13|           5|
    |add_ln29_18_fu_2328_p2  |     +    |      0|  0|  17|          13|           5|
    |add_ln29_19_fu_2339_p2  |     +    |      0|  0|  17|          13|           5|
    |add_ln29_1_fu_2141_p2   |     +    |      0|  0|  17|          13|           3|
    |add_ln29_20_fu_2350_p2  |     +    |      0|  0|  17|          13|           5|
    |add_ln29_21_fu_2361_p2  |     +    |      0|  0|  17|          13|           5|
    |add_ln29_22_fu_2372_p2  |     +    |      0|  0|  17|          13|           5|
    |add_ln29_23_fu_2383_p2  |     +    |      0|  0|  17|          13|           5|
    |add_ln29_24_fu_2394_p2  |     +    |      0|  0|  17|          13|           5|
    |add_ln29_25_fu_2405_p2  |     +    |      0|  0|  17|          13|           5|
    |add_ln29_26_fu_2416_p2  |     +    |      0|  0|  17|          13|           5|
    |add_ln29_27_fu_2427_p2  |     +    |      0|  0|  17|          13|           5|
    |add_ln29_28_fu_2438_p2  |     +    |      0|  0|  17|          13|           6|
    |add_ln29_29_fu_2449_p2  |     +    |      0|  0|  17|          13|           6|
    |add_ln29_2_fu_2152_p2   |     +    |      0|  0|  17|          13|           3|
    |add_ln29_30_fu_2460_p2  |     +    |      0|  0|  17|          13|           6|
    |add_ln29_31_fu_2471_p2  |     +    |      0|  0|  17|          13|           6|
    |add_ln29_32_fu_2482_p2  |     +    |      0|  0|  17|          13|           6|
    |add_ln29_33_fu_2493_p2  |     +    |      0|  0|  17|          13|           6|
    |add_ln29_34_fu_2504_p2  |     +    |      0|  0|  17|          13|           6|
    |add_ln29_35_fu_2515_p2  |     +    |      0|  0|  17|          13|           6|
    |add_ln29_36_fu_2526_p2  |     +    |      0|  0|  17|          13|           6|
    |add_ln29_37_fu_2537_p2  |     +    |      0|  0|  17|          13|           6|
    |add_ln29_38_fu_2548_p2  |     +    |      0|  0|  17|          13|           6|
    |add_ln29_39_fu_2559_p2  |     +    |      0|  0|  17|          13|           6|
    |add_ln29_3_fu_2163_p2   |     +    |      0|  0|  17|          13|           3|
    |add_ln29_40_fu_2570_p2  |     +    |      0|  0|  17|          13|           6|
    |add_ln29_41_fu_2581_p2  |     +    |      0|  0|  17|          13|           6|
    |add_ln29_42_fu_2592_p2  |     +    |      0|  0|  17|          13|           6|
    |add_ln29_43_fu_2603_p2  |     +    |      0|  0|  17|          13|           6|
    |add_ln29_44_fu_2614_p2  |     +    |      0|  0|  17|          13|           6|
    |add_ln29_45_fu_2625_p2  |     +    |      0|  0|  17|          13|           6|
    |add_ln29_46_fu_2636_p2  |     +    |      0|  0|  17|          13|           6|
    |add_ln29_47_fu_2647_p2  |     +    |      0|  0|  17|          13|           6|
    |add_ln29_48_fu_2658_p2  |     +    |      0|  0|  17|          13|           6|
    |add_ln29_49_fu_2669_p2  |     +    |      0|  0|  17|          13|           6|
    |add_ln29_4_fu_2174_p2   |     +    |      0|  0|  17|          13|           4|
    |add_ln29_50_fu_2680_p2  |     +    |      0|  0|  17|          13|           6|
    |add_ln29_51_fu_2691_p2  |     +    |      0|  0|  17|          13|           6|
    |add_ln29_52_fu_2702_p2  |     +    |      0|  0|  17|          13|           6|
    |add_ln29_53_fu_2713_p2  |     +    |      0|  0|  17|          13|           6|
    |add_ln29_54_fu_2724_p2  |     +    |      0|  0|  17|          13|           6|
    |add_ln29_55_fu_2735_p2  |     +    |      0|  0|  17|          13|           6|
    |add_ln29_56_fu_2746_p2  |     +    |      0|  0|  17|          13|           6|
    |add_ln29_57_fu_2757_p2  |     +    |      0|  0|  17|          13|           6|
    |add_ln29_58_fu_2768_p2  |     +    |      0|  0|  17|          13|           6|
    |add_ln29_59_fu_2779_p2  |     +    |      0|  0|  17|          13|           6|
    |add_ln29_5_fu_2185_p2   |     +    |      0|  0|  17|          13|           4|
    |add_ln29_60_fu_2790_p2  |     +    |      0|  0|  17|          13|           7|
    |add_ln29_61_fu_2801_p2  |     +    |      0|  0|  17|          13|           7|
    |add_ln29_62_fu_2812_p2  |     +    |      0|  0|  17|          13|           7|
    |add_ln29_63_fu_2823_p2  |     +    |      0|  0|  17|          13|           7|
    |add_ln29_64_fu_2834_p2  |     +    |      0|  0|  17|          13|           7|
    |add_ln29_65_fu_2845_p2  |     +    |      0|  0|  17|          13|           7|
    |add_ln29_66_fu_2856_p2  |     +    |      0|  0|  17|          13|           7|
    |add_ln29_67_fu_2867_p2  |     +    |      0|  0|  17|          13|           7|
    |add_ln29_68_fu_2878_p2  |     +    |      0|  0|  17|          13|           7|
    |add_ln29_69_fu_2889_p2  |     +    |      0|  0|  17|          13|           7|
    |add_ln29_6_fu_2196_p2   |     +    |      0|  0|  17|          13|           4|
    |add_ln29_70_fu_2900_p2  |     +    |      0|  0|  17|          13|           7|
    |add_ln29_71_fu_2911_p2  |     +    |      0|  0|  17|          13|           7|
    |add_ln29_72_fu_2922_p2  |     +    |      0|  0|  17|          13|           7|
    |add_ln29_73_fu_2933_p2  |     +    |      0|  0|  17|          13|           7|
    |add_ln29_74_fu_2944_p2  |     +    |      0|  0|  17|          13|           7|
    |add_ln29_75_fu_2955_p2  |     +    |      0|  0|  17|          13|           7|
    |add_ln29_76_fu_2966_p2  |     +    |      0|  0|  17|          13|           7|
    |add_ln29_77_fu_2977_p2  |     +    |      0|  0|  17|          13|           7|
    |add_ln29_78_fu_2988_p2  |     +    |      0|  0|  17|          13|           7|
    |add_ln29_79_fu_2999_p2  |     +    |      0|  0|  17|          13|           7|
    |add_ln29_7_fu_2207_p2   |     +    |      0|  0|  17|          13|           4|
    |add_ln29_80_fu_3010_p2  |     +    |      0|  0|  17|          13|           7|
    |add_ln29_81_fu_3021_p2  |     +    |      0|  0|  17|          13|           7|
    |add_ln29_82_fu_3032_p2  |     +    |      0|  0|  17|          13|           7|
    |add_ln29_83_fu_3043_p2  |     +    |      0|  0|  17|          13|           7|
    |add_ln29_84_fu_3054_p2  |     +    |      0|  0|  17|          13|           7|
    |add_ln29_85_fu_3065_p2  |     +    |      0|  0|  17|          13|           7|
    |add_ln29_86_fu_3082_p2  |     +    |      0|  0|  17|          13|           7|
    |add_ln29_87_fu_3093_p2  |     +    |      0|  0|  17|          13|           7|
    |add_ln29_88_fu_3076_p2  |     +    |      0|  0|  17|          13|           7|
    |add_ln29_8_fu_2218_p2   |     +    |      0|  0|  17|          13|           4|
    |add_ln29_9_fu_2229_p2   |     +    |      0|  0|  17|          13|           4|
    |add_ln29_fu_2130_p2     |     +    |      0|  0|  17|          13|           3|
    |r_fu_2086_p2            |     +    |      0|  0|  15|           7|           1|
    |icmp_ln22_fu_2080_p2    |   icmp   |      0|  0|  11|           7|           8|
    |or_ln29_1_fu_2108_p2    |    or    |      0|  0|  13|          13|           2|
    |or_ln29_2_fu_2119_p2    |    or    |      0|  0|  13|          13|           2|
    |or_ln29_fu_2097_p2      |    or    |      0|  0|  13|          13|           1|
    |ap_enable_pp0           |    xor   |      0|  0|   2|           1|           2|
    +------------------------+----------+-------+---+----+------------+------------+
    |Total                   |          |      0|  0|1580|        1211|         535|
    +------------------------+----------+-------+---+----+------------+------------+

    * Multiplexer: 
    +-----------------------------------+-----+-----------+-----+-----------+
    |                Name               | LUT | Input Size| Bits| Total Bits|
    +-----------------------------------+-----+-----------+-----+-----------+
    |a_address0                         |  205|         47|   13|        611|
    |a_address1                         |  205|         47|   13|        611|
    |ap_NS_fsm                          |  213|         49|    1|         49|
    |ap_enable_reg_pp0_iter10           |    9|          2|    1|          2|
    |ap_phi_mux_phi_mul_phi_fu_1920_p4  |    9|          2|   13|         26|
    |ap_phi_mux_r_0_phi_fu_1909_p4      |    9|          2|    7|         14|
    |b_address0                         |  205|         47|    7|        329|
    |b_address1                         |  205|         47|    7|        329|
    |grp_fu_1928_p0                     |   38|          7|   32|        224|
    |grp_fu_1928_p1                     |  205|         47|   32|       1504|
    |grp_fu_1932_p0                     |   38|          7|   32|        224|
    |grp_fu_1932_p1                     |  205|         47|   32|       1504|
    |grp_fu_1936_p0                     |   38|          7|   32|        224|
    |grp_fu_1936_p1                     |   38|          7|   32|        224|
    |grp_fu_1940_p0                     |   38|          7|   32|        224|
    |grp_fu_1940_p1                     |   38|          7|   32|        224|
    |phi_mul_reg_1916                   |    9|          2|   13|         26|
    |r_0_reg_1905                       |    9|          2|    7|         14|
    |res_address0                       |   15|          3|    6|         18|
    +-----------------------------------+-----+-----------+-----+-----------+
    |Total                              | 1731|        386|  344|       6381|
    +-----------------------------------+-----+-----------+-----+-----------+

    * Register: 
    +-------------------------------+----+----+-----+-----------+
    |              Name             | FF | LUT| Bits| Const Bits|
    +-------------------------------+----+----+-----+-----------+
    |a_load_88_reg_4458             |  32|   0|   32|          0|
    |a_load_89_reg_4468             |  32|   0|   32|          0|
    |a_load_90_reg_4488             |  32|   0|   32|          0|
    |a_load_91_reg_4498             |  32|   0|   32|          0|
    |add_ln29_88_reg_4433           |  13|   0|   13|          0|
    |ap_CS_fsm                      |  48|   0|   48|          0|
    |ap_enable_reg_pp0_iter0        |   1|   0|    1|          0|
    |ap_enable_reg_pp0_iter1        |   1|   0|    1|          0|
    |ap_enable_reg_pp0_iter10       |   1|   0|    1|          0|
    |ap_enable_reg_pp0_iter2        |   1|   0|    1|          0|
    |ap_enable_reg_pp0_iter3        |   1|   0|    1|          0|
    |ap_enable_reg_pp0_iter4        |   1|   0|    1|          0|
    |ap_enable_reg_pp0_iter5        |   1|   0|    1|          0|
    |ap_enable_reg_pp0_iter6        |   1|   0|    1|          0|
    |ap_enable_reg_pp0_iter7        |   1|   0|    1|          0|
    |ap_enable_reg_pp0_iter8        |   1|   0|    1|          0|
    |ap_enable_reg_pp0_iter9        |   1|   0|    1|          0|
    |b_load_88_reg_4463             |  32|   0|   32|          0|
    |b_load_89_reg_4473             |  32|   0|   32|          0|
    |b_load_90_reg_4493             |  32|   0|   32|          0|
    |b_load_91_reg_4503             |  32|   0|   32|          0|
    |icmp_ln22_reg_3564             |   1|   0|    1|          0|
    |phi_mul_reg_1916               |  13|   0|   13|          0|
    |r_0_reg_1905                   |   7|   0|    7|          0|
    |r_reg_3568                     |   7|   0|    7|          0|
    |reg_1944                       |  32|   0|   32|          0|
    |reg_1949                       |  32|   0|   32|          0|
    |reg_1954                       |  32|   0|   32|          0|
    |reg_1959                       |  32|   0|   32|          0|
    |reg_1964                       |  32|   0|   32|          0|
    |reg_1969                       |  32|   0|   32|          0|
    |reg_1974                       |  32|   0|   32|          0|
    |reg_1979                       |  32|   0|   32|          0|
    |reg_1984                       |  32|   0|   32|          0|
    |reg_1989                       |  32|   0|   32|          0|
    |reg_1994                       |  32|   0|   32|          0|
    |reg_1999                       |  32|   0|   32|          0|
    |reg_2004                       |  32|   0|   32|          0|
    |reg_2009                       |  32|   0|   32|          0|
    |reg_2014                       |  32|   0|   32|          0|
    |reg_2019                       |  32|   0|   32|          0|
    |reg_2024                       |  32|   0|   32|          0|
    |reg_2029                       |  32|   0|   32|          0|
    |reg_2034                       |  32|   0|   32|          0|
    |reg_2039                       |  32|   0|   32|          0|
    |reg_2044                       |  32|   0|   32|          0|
    |reg_2049                       |  32|   0|   32|          0|
    |reg_2054                       |  32|   0|   32|          0|
    |reg_2059                       |  32|   0|   32|          0|
    |reg_2064                       |  32|   0|   32|          0|
    |reg_2069                       |  32|   0|   32|          0|
    |res_addr_reg_3583              |   6|   0|    6|          0|
    |res_load_reg_3598              |  32|   0|   32|          0|
    |tmp2_reg_3643                  |  32|   0|   32|          0|
    |tmp_10_reg_3743                |  32|   0|   32|          0|
    |tmp_11_reg_3748                |  32|   0|   32|          0|
    |tmp_11_reg_3748_pp0_iter1_reg  |  32|   0|   32|          0|
    |tmp_12_reg_3763                |  32|   0|   32|          0|
    |tmp_12_reg_3763_pp0_iter1_reg  |  32|   0|   32|          0|
    |tmp_13_reg_3768                |  32|   0|   32|          0|
    |tmp_13_reg_3768_pp0_iter1_reg  |  32|   0|   32|          0|
    |tmp_14_reg_3783                |  32|   0|   32|          0|
    |tmp_14_reg_3783_pp0_iter1_reg  |  32|   0|   32|          0|
    |tmp_15_reg_3788                |  32|   0|   32|          0|
    |tmp_15_reg_3788_pp0_iter1_reg  |  32|   0|   32|          0|
    |tmp_16_reg_3803                |  32|   0|   32|          0|
    |tmp_16_reg_3803_pp0_iter1_reg  |  32|   0|   32|          0|
    |tmp_17_reg_3808                |  32|   0|   32|          0|
    |tmp_17_reg_3808_pp0_iter1_reg  |  32|   0|   32|          0|
    |tmp_18_reg_3823                |  32|   0|   32|          0|
    |tmp_18_reg_3823_pp0_iter1_reg  |  32|   0|   32|          0|
    |tmp_19_reg_3828                |  32|   0|   32|          0|
    |tmp_19_reg_3828_pp0_iter1_reg  |  32|   0|   32|          0|
    |tmp_1_reg_3648                 |  32|   0|   32|          0|
    |tmp_20_reg_3843                |  32|   0|   32|          0|
    |tmp_21_reg_3848                |  32|   0|   32|          0|
    |tmp_22_reg_3863                |  32|   0|   32|          0|
    |tmp_23_reg_3868                |  32|   0|   32|          0|
    |tmp_24_reg_3883                |  32|   0|   32|          0|
    |tmp_25_reg_3888                |  32|   0|   32|          0|
    |tmp_26_reg_3903                |  32|   0|   32|          0|
    |tmp_27_reg_3908                |  32|   0|   32|          0|
    |tmp_28_reg_3923                |  32|   0|   32|          0|
    |tmp_29_reg_3928                |  32|   0|   32|          0|
    |tmp_2_reg_3663                 |  32|   0|   32|          0|
    |tmp_30_reg_3943                |  32|   0|   32|          0|
    |tmp_31_reg_3948                |  32|   0|   32|          0|
    |tmp_32_reg_3963                |  32|   0|   32|          0|
    |tmp_33_reg_3968                |  32|   0|   32|          0|
    |tmp_34_reg_3983                |  32|   0|   32|          0|
    |tmp_35_reg_3988                |  32|   0|   32|          0|
    |tmp_36_reg_4003                |  32|   0|   32|          0|
    |tmp_37_reg_4008                |  32|   0|   32|          0|
    |tmp_38_reg_4023                |  32|   0|   32|          0|
    |tmp_39_reg_4028                |  32|   0|   32|          0|
    |tmp_3_reg_3668                 |  32|   0|   32|          0|
    |tmp_40_reg_4043                |  32|   0|   32|          0|
    |tmp_41_reg_4048                |  32|   0|   32|          0|
    |tmp_42_reg_4063                |  32|   0|   32|          0|
    |tmp_43_reg_4068                |  32|   0|   32|          0|
    |tmp_44_reg_4083                |  32|   0|   32|          0|
    |tmp_45_131_reg_4548            |  32|   0|   32|          0|
    |tmp_45_reg_4088                |  32|   0|   32|          0|
    |tmp_46_reg_4103                |  32|   0|   32|          0|
    |tmp_47_reg_4108                |  32|   0|   32|          0|
    |tmp_48_reg_4123                |  32|   0|   32|          0|
    |tmp_49_reg_4128                |  32|   0|   32|          0|
    |tmp_4_reg_3683                 |  32|   0|   32|          0|
    |tmp_50_reg_4143                |  32|   0|   32|          0|
    |tmp_51_reg_4148                |  32|   0|   32|          0|
    |tmp_52_reg_4163                |  32|   0|   32|          0|
    |tmp_53_reg_4168                |  32|   0|   32|          0|
    |tmp_54_reg_4183                |  32|   0|   32|          0|
    |tmp_55_reg_4188                |  32|   0|   32|          0|
    |tmp_56_reg_4203                |  32|   0|   32|          0|
    |tmp_57_reg_4208                |  32|   0|   32|          0|
    |tmp_58_reg_4223                |  32|   0|   32|          0|
    |tmp_59_reg_4228                |  32|   0|   32|          0|
    |tmp_5_reg_3688                 |  32|   0|   32|          0|
    |tmp_60_reg_4243                |  32|   0|   32|          0|
    |tmp_61_reg_4248                |  32|   0|   32|          0|
    |tmp_62_reg_4263                |  32|   0|   32|          0|
    |tmp_63_reg_4268                |  32|   0|   32|          0|
    |tmp_64_reg_4283                |  32|   0|   32|          0|
    |tmp_65_reg_4288                |  32|   0|   32|          0|
    |tmp_66_reg_4303                |  32|   0|   32|          0|
    |tmp_67_reg_4308                |  32|   0|   32|          0|
    |tmp_68_reg_4323                |  32|   0|   32|          0|
    |tmp_69_reg_4328                |  32|   0|   32|          0|
    |tmp_6_reg_3703                 |  32|   0|   32|          0|
    |tmp_70_reg_4343                |  32|   0|   32|          0|
    |tmp_71_reg_4348                |  32|   0|   32|          0|
    |tmp_72_reg_4363                |  32|   0|   32|          0|
    |tmp_73_reg_4368                |  32|   0|   32|          0|
    |tmp_74_reg_4383                |  32|   0|   32|          0|
    |tmp_75_reg_4388                |  32|   0|   32|          0|
    |tmp_76_reg_4403                |  32|   0|   32|          0|
    |tmp_77_reg_4408                |  32|   0|   32|          0|
    |tmp_78_reg_4423                |  32|   0|   32|          0|
    |tmp_79_reg_4428                |  32|   0|   32|          0|
    |tmp_7_reg_3708                 |  32|   0|   32|          0|
    |tmp_80_reg_4448                |  32|   0|   32|          0|
    |tmp_81_reg_4453                |  32|   0|   32|          0|
    |tmp_82_reg_4478                |  32|   0|   32|          0|
    |tmp_83_reg_4483                |  32|   0|   32|          0|
    |tmp_84_reg_4508                |  32|   0|   32|          0|
    |tmp_85_reg_4513                |  32|   0|   32|          0|
    |tmp_86_reg_4518                |  32|   0|   32|          0|
    |tmp_87_reg_4523                |  32|   0|   32|          0|
    |tmp_88_reg_4528                |  32|   0|   32|          0|
    |tmp_89_reg_4533                |  32|   0|   32|          0|
    |tmp_8_reg_3723                 |  32|   0|   32|          0|
    |tmp_90_reg_4538                |  32|   0|   32|          0|
    |tmp_91_reg_4543                |  32|   0|   32|          0|
    |tmp_9_reg_3728                 |  32|   0|   32|          0|
    |icmp_ln22_reg_3564             |  64|  32|    1|          0|
    |res_addr_reg_3583              |  64|  32|    6|          0|
    |tmp_20_reg_3843                |  64|  32|   32|          0|
    |tmp_21_reg_3848                |  64|  32|   32|          0|
    |tmp_22_reg_3863                |  64|  32|   32|          0|
    |tmp_23_reg_3868                |  64|  32|   32|          0|
    |tmp_24_reg_3883                |  64|  32|   32|          0|
    |tmp_25_reg_3888                |  64|  32|   32|          0|
    |tmp_26_reg_3903                |  64|  32|   32|          0|
    |tmp_27_reg_3908                |  64|  32|   32|          0|
    |tmp_28_reg_3923                |  64|  32|   32|          0|
    |tmp_29_reg_3928                |  64|  32|   32|          0|
    |tmp_30_reg_3943                |  64|  32|   32|          0|
    |tmp_31_reg_3948                |  64|  32|   32|          0|
    |tmp_32_reg_3963                |  64|  32|   32|          0|
    |tmp_33_reg_3968                |  64|  32|   32|          0|
    |tmp_34_reg_3983                |  64|  32|   32|          0|
    |tmp_35_reg_3988                |  64|  32|   32|          0|
    |tmp_36_reg_4003                |  64|  32|   32|          0|
    |tmp_37_reg_4008                |  64|  32|   32|          0|
    |tmp_38_reg_4023                |  64|  32|   32|          0|
    |tmp_39_reg_4028                |  64|  32|   32|          0|
    |tmp_40_reg_4043                |  64|  32|   32|          0|
    |tmp_41_reg_4048                |  64|  32|   32|          0|
    |tmp_42_reg_4063                |  64|  32|   32|          0|
    |tmp_43_reg_4068                |  64|  32|   32|          0|
    |tmp_44_reg_4083                |  64|  32|   32|          0|
    |tmp_45_reg_4088                |  64|  32|   32|          0|
    |tmp_46_reg_4103                |  64|  32|   32|          0|
    |tmp_47_reg_4108                |  64|  32|   32|          0|
    |tmp_48_reg_4123                |  64|  32|   32|          0|
    |tmp_49_reg_4128                |  64|  32|   32|          0|
    |tmp_50_reg_4143                |  64|  32|   32|          0|
    |tmp_51_reg_4148                |  64|  32|   32|          0|
    |tmp_52_reg_4163                |  64|  32|   32|          0|
    |tmp_53_reg_4168                |  64|  32|   32|          0|
    |tmp_54_reg_4183                |  64|  32|   32|          0|
    |tmp_55_reg_4188                |  64|  32|   32|          0|
    |tmp_56_reg_4203                |  64|  32|   32|          0|
    |tmp_57_reg_4208                |  64|  32|   32|          0|
    |tmp_58_reg_4223                |  64|  32|   32|          0|
    |tmp_59_reg_4228                |  64|  32|   32|          0|
    |tmp_60_reg_4243                |  64|  32|   32|          0|
    |tmp_61_reg_4248                |  64|  32|   32|          0|
    |tmp_62_reg_4263                |  64|  32|   32|          0|
    |tmp_63_reg_4268                |  64|  32|   32|          0|
    |tmp_64_reg_4283                |  64|  32|   32|          0|
    |tmp_65_reg_4288                |  64|  32|   32|          0|
    |tmp_66_reg_4303                |  64|  32|   32|          0|
    |tmp_67_reg_4308                |  64|  32|   32|          0|
    |tmp_68_reg_4323                |  64|  32|   32|          0|
    |tmp_69_reg_4328                |  64|  32|   32|          0|
    |tmp_70_reg_4343                |  64|  32|   32|          0|
    |tmp_71_reg_4348                |  64|  32|   32|          0|
    |tmp_72_reg_4363                |  64|  32|   32|          0|
    |tmp_73_reg_4368                |  64|  32|   32|          0|
    |tmp_74_reg_4383                |  64|  32|   32|          0|
    |tmp_75_reg_4388                |  64|  32|   32|          0|
    |tmp_76_reg_4403                |  64|  32|   32|          0|
    |tmp_77_reg_4408                |  64|  32|   32|          0|
    |tmp_78_reg_4423                |  64|  32|   32|          0|
    |tmp_79_reg_4428                |  64|  32|   32|          0|
    |tmp_80_reg_4448                |  64|  32|   32|          0|
    |tmp_81_reg_4453                |  64|  32|   32|          0|
    |tmp_82_reg_4478                |  64|  32|   32|          0|
    |tmp_83_reg_4483                |  64|  32|   32|          0|
    |tmp_84_reg_4508                |  64|  32|   32|          0|
    |tmp_85_reg_4513                |  64|  32|   32|          0|
    |tmp_86_reg_4518                |  64|  32|   32|          0|
    |tmp_87_reg_4523                |  64|  32|   32|          0|
    |tmp_88_reg_4528                |  64|  32|   32|          0|
    |tmp_89_reg_4533                |  64|  32|   32|          0|
    |tmp_90_reg_4538                |  64|  32|   32|          0|
    |tmp_91_reg_4543                |  64|  32|   32|          0|
    +-------------------------------+----+----+-----+-----------+
    |Total                          |9226|2368| 6801|          0|
    +-------------------------------+----+----+-----+-----------+



================================================================
== Interface
================================================================
* Summary: 
+--------------+-----+-----+------------+--------------+--------------+
|   RTL Ports  | Dir | Bits|  Protocol  | Source Object|    C Type    |
+--------------+-----+-----+------------+--------------+--------------+
|ap_clk        |  in |    1| ap_ctrl_hs |     gemvm    | return value |
|ap_rst        |  in |    1| ap_ctrl_hs |     gemvm    | return value |
|ap_start      |  in |    1| ap_ctrl_hs |     gemvm    | return value |
|ap_done       | out |    1| ap_ctrl_hs |     gemvm    | return value |
|ap_idle       | out |    1| ap_ctrl_hs |     gemvm    | return value |
|ap_ready      | out |    1| ap_ctrl_hs |     gemvm    | return value |
|res_address0  | out |    6|  ap_memory |      res     |     array    |
|res_ce0       | out |    1|  ap_memory |      res     |     array    |
|res_we0       | out |    1|  ap_memory |      res     |     array    |
|res_d0        | out |   32|  ap_memory |      res     |     array    |
|res_q0        |  in |   32|  ap_memory |      res     |     array    |
|a_address0    | out |   13|  ap_memory |       a      |     array    |
|a_ce0         | out |    1|  ap_memory |       a      |     array    |
|a_q0          |  in |   32|  ap_memory |       a      |     array    |
|a_address1    | out |   13|  ap_memory |       a      |     array    |
|a_ce1         | out |    1|  ap_memory |       a      |     array    |
|a_q1          |  in |   32|  ap_memory |       a      |     array    |
|b_address0    | out |    7|  ap_memory |       b      |     array    |
|b_ce0         | out |    1|  ap_memory |       b      |     array    |
|b_q0          |  in |   32|  ap_memory |       b      |     array    |
|b_address1    | out |    7|  ap_memory |       b      |     array    |
|b_ce1         | out |    1|  ap_memory |       b      |     array    |
|b_q1          |  in |   32|  ap_memory |       b      |     array    |
+--------------+-----+-----+------------+--------------+--------------+

