

================================================================
== Vivado HLS Report for 'hprod'
================================================================
* Date:           Fri Nov 25 11:49:29 2022

* Version:        2019.2 (Build 2704478 on Wed Nov 06 22:10:23 MST 2019)
* Project:        LSTM
* Solution:       solution1
* Product family: zynq
* Target device:  xc7z020-clg400-1


================================================================
== Performance Estimates
================================================================
+ Timing: 
    * Summary: 
    +--------+----------+----------+------------+
    |  Clock |  Target  | Estimated| Uncertainty|
    +--------+----------+----------+------------+
    |ap_clk  | 10.00 ns | 5.702 ns |   1.25 ns  |
    +--------+----------+----------+------------+

+ Latency: 
    * Summary: 
    +---------+---------+----------+----------+-----+-----+---------+
    |  Latency (cycles) |  Latency (absolute) |  Interval | Pipeline|
    |   min   |   max   |    min   |    max   | min | max |   Type  |
    +---------+---------+----------+----------+-----+-----+---------+
    |       39|       39| 0.390 us | 0.390 us |   39|   39|   none  |
    +---------+---------+----------+----------+-----+-----+---------+

    + Detail: 
        * Instance: 
        N/A

        * Loop: 
        +----------+---------+---------+----------+-----------+-----------+------+----------+
        |          |  Latency (cycles) | Iteration|  Initiation Interval  | Trip |          |
        | Loop Name|   min   |   max   |  Latency |  achieved |   target  | Count| Pipelined|
        +----------+---------+---------+----------+-----------+-----------+------+----------+
        |- i_loop  |       37|       37|         7|          1|          1|    32|    yes   |
        +----------+---------+---------+----------+-----------+-----------+------+----------+



================================================================
== Utilization Estimates
================================================================
* Summary: 
+-----------------+---------+-------+--------+-------+-----+
|       Name      | BRAM_18K| DSP48E|   FF   |  LUT  | URAM|
+-----------------+---------+-------+--------+-------+-----+
|DSP              |        -|      -|       -|      -|    -|
|Expression       |        -|      -|       0|     36|    -|
|FIFO             |        -|      -|       -|      -|    -|
|Instance         |        -|      6|     286|    642|    -|
|Memory           |        -|      -|       -|      -|    -|
|Multiplexer      |        -|      -|       -|     48|    -|
|Register         |        0|      -|     414|     96|    -|
+-----------------+---------+-------+--------+-------+-----+
|Total            |        0|      6|     700|    822|    0|
+-----------------+---------+-------+--------+-------+-----+
|Available        |      280|    220|  106400|  53200|    0|
+-----------------+---------+-------+--------+-------+-----+
|Utilization (%)  |        0|      2|   ~0   |      1|    0|
+-----------------+---------+-------+--------+-------+-----+

+ Detail: 
    * Instance: 
    +--------------------------+----------------------+---------+-------+-----+-----+-----+
    |         Instance         |        Module        | BRAM_18K| DSP48E|  FF | LUT | URAM|
    +--------------------------+----------------------+---------+-------+-----+-----+-----+
    |LSTM_Top_fmul_32ncud_U44  |LSTM_Top_fmul_32ncud  |        0|      3|  143|  321|    0|
    |LSTM_Top_fmul_32ncud_U45  |LSTM_Top_fmul_32ncud  |        0|      3|  143|  321|    0|
    +--------------------------+----------------------+---------+-------+-----+-----+-----+
    |Total                     |                      |        0|      6|  286|  642|    0|
    +--------------------------+----------------------+---------+-------+-----+-----+-----+

    * DSP48E: 
    N/A

    * Memory: 
    N/A

    * FIFO: 
    N/A

    * Expression: 
    +-------------------------+----------+-------+---+----+------------+------------+
    |      Variable Name      | Operation| DSP48E| FF| LUT| Bitwidth P0| Bitwidth P1|
    +-------------------------+----------+-------+---+----+------------+------------+
    |add_ln120_fu_158_p2      |     +    |      0|  0|  15|           2|           7|
    |icmp_ln120_fu_130_p2     |   icmp   |      0|  0|  11|           7|           8|
    |or_ln120_fu_146_p2       |    or    |      0|  0|   6|           6|           1|
    |ap_enable_pp0            |    xor   |      0|  0|   2|           1|           2|
    |ap_enable_reg_pp0_iter1  |    xor   |      0|  0|   2|           2|           1|
    +-------------------------+----------+-------+---+----+------------+------------+
    |Total                    |          |      0|  0|  36|          18|          19|
    +-------------------------+----------+-------+---+----+------------+------------+

    * Multiplexer: 
    +-------------------------+----+-----------+-----+-----------+
    |           Name          | LUT| Input Size| Bits| Total Bits|
    +-------------------------+----+-----------+-----+-----------+
    |ap_NS_fsm                |  21|          4|    1|          4|
    |ap_enable_reg_pp0_iter1  |   9|          2|    1|          2|
    |ap_enable_reg_pp0_iter6  |   9|          2|    1|          2|
    |i_0_0_reg_111            |   9|          2|    7|         14|
    +-------------------------+----+-----------+-----+-----------+
    |Total                    |  48|         10|   10|         22|
    +-------------------------+----+-----------+-----+-----------+

    * Register: 
    +-------------------------+----+----+-----+-----------+
    |           Name          | FF | LUT| Bits| Const Bits|
    +-------------------------+----+----+-----+-----------+
    |a_load_1_reg_213         |  32|   0|   32|          0|
    |a_load_reg_203           |  32|   0|   32|          0|
    |ap_CS_fsm                |   3|   0|    3|          0|
    |ap_enable_reg_pp0_iter0  |   1|   0|    1|          0|
    |ap_enable_reg_pp0_iter1  |   1|   0|    1|          0|
    |ap_enable_reg_pp0_iter2  |   1|   0|    1|          0|
    |ap_enable_reg_pp0_iter3  |   1|   0|    1|          0|
    |ap_enable_reg_pp0_iter4  |   1|   0|    1|          0|
    |ap_enable_reg_pp0_iter5  |   1|   0|    1|          0|
    |ap_enable_reg_pp0_iter6  |   1|   0|    1|          0|
    |b_load_1_reg_218         |  32|   0|   32|          0|
    |b_load_reg_208           |  32|   0|   32|          0|
    |i_0_0_reg_111            |   7|   0|    7|          0|
    |icmp_ln120_reg_164       |   1|   0|    1|          0|
    |tmp7_reg_223             |  32|   0|   32|          0|
    |tmp_1_reg_228            |  32|   0|   32|          0|
    |zext_ln124_1_reg_183     |   5|   0|   64|         59|
    |zext_ln124_reg_168       |   7|   0|   64|         57|
    |icmp_ln120_reg_164       |  64|  32|    1|          0|
    |zext_ln124_1_reg_183     |  64|  32|   64|         59|
    |zext_ln124_reg_168       |  64|  32|   64|         57|
    +-------------------------+----+----+-----+-----------+
    |Total                    | 414|  96|  467|        232|
    +-------------------------+----+----+-----+-----------+



================================================================
== Interface
================================================================
* Summary: 
+--------------+-----+-----+------------+--------------+--------------+
|   RTL Ports  | Dir | Bits|  Protocol  | Source Object|    C Type    |
+--------------+-----+-----+------------+--------------+--------------+
|ap_clk        |  in |    1| ap_ctrl_hs |     hprod    | return value |
|ap_rst        |  in |    1| ap_ctrl_hs |     hprod    | return value |
|ap_start      |  in |    1| ap_ctrl_hs |     hprod    | return value |
|ap_done       | out |    1| ap_ctrl_hs |     hprod    | return value |
|ap_idle       | out |    1| ap_ctrl_hs |     hprod    | return value |
|ap_ready      | out |    1| ap_ctrl_hs |     hprod    | return value |
|res_address0  | out |    6|  ap_memory |      res     |     array    |
|res_ce0       | out |    1|  ap_memory |      res     |     array    |
|res_we0       | out |    1|  ap_memory |      res     |     array    |
|res_d0        | out |   32|  ap_memory |      res     |     array    |
|res_address1  | out |    6|  ap_memory |      res     |     array    |
|res_ce1       | out |    1|  ap_memory |      res     |     array    |
|res_we1       | out |    1|  ap_memory |      res     |     array    |
|res_d1        | out |   32|  ap_memory |      res     |     array    |
|a_address0    | out |    6|  ap_memory |       a      |     array    |
|a_ce0         | out |    1|  ap_memory |       a      |     array    |
|a_q0          |  in |   32|  ap_memory |       a      |     array    |
|a_address1    | out |    6|  ap_memory |       a      |     array    |
|a_ce1         | out |    1|  ap_memory |       a      |     array    |
|a_q1          |  in |   32|  ap_memory |       a      |     array    |
|b_address0    | out |    6|  ap_memory |       b      |     array    |
|b_ce0         | out |    1|  ap_memory |       b      |     array    |
|b_q0          |  in |   32|  ap_memory |       b      |     array    |
|b_address1    | out |    6|  ap_memory |       b      |     array    |
|b_ce1         | out |    1|  ap_memory |       b      |     array    |
|b_q1          |  in |   32|  ap_memory |       b      |     array    |
+--------------+-----+-----+------------+--------------+--------------+

