

================================================================
== Vivado HLS Report for 'LSTM_Top'
================================================================
* Date:           Fri Nov 25 11:49:35 2022

* Version:        2019.2 (Build 2704478 on Wed Nov 06 22:10:23 MST 2019)
* Project:        LSTM
* Solution:       solution1
* Product family: zynq
* Target device:  xc7z020-clg400-1


================================================================
== Performance Estimates
================================================================
+ Timing: 
    * Summary: 
    +--------+----------+----------+------------+
    |  Clock |  Target  | Estimated| Uncertainty|
    +--------+----------+----------+------------+
    |ap_clk  | 10.00 ns | 9.571 ns |   1.25 ns  |
    +--------+----------+----------+------------+

+ Latency: 
    * Summary: 
    +---------+---------+----------+----------+--------+--------+---------+
    |  Latency (cycles) |  Latency (absolute) |     Interval    | Pipeline|
    |   min   |   max   |    min   |    max   |   min  |   max  |   Type  |
    +---------+---------+----------+----------+--------+--------+---------+
    |   413741|   413745| 4.137 ms | 4.137 ms |  413741|  413745|   none  |
    +---------+---------+----------+----------+--------+--------+---------+

    + Detail: 
        * Instance: 
        +------------------------+-------------+---------+---------+----------+----------+--------+--------+---------+
        |                        |             |  Latency (cycles) |  Latency (absolute) |     Interval    | Pipeline|
        |        Instance        |    Module   |   min   |   max   |    min   |    max   |   min  |   max  |   Type  |
        +------------------------+-------------+---------+---------+----------+----------+--------+--------+---------+
        |grp_lipnet_lstm_fu_196  |lipnet_lstm  |   413738|   413742| 4.137 ms | 4.137 ms |  413738|  413742|   none  |
        +------------------------+-------------+---------+---------+----------+----------+--------+--------+---------+

        * Loop: 
        N/A



================================================================
== Utilization Estimates
================================================================
* Summary: 
+-----------------+---------+-------+--------+-------+-----+
|       Name      | BRAM_18K| DSP48E|   FF   |  LUT  | URAM|
+-----------------+---------+-------+--------+-------+-----+
|DSP              |        -|      -|       -|      -|    -|
|Expression       |        -|      -|       0|      2|    -|
|FIFO             |        -|      -|       -|      -|    -|
|Instance         |       88|    175|   46295|  48916|    0|
|Memory           |        -|      -|       -|      -|    -|
|Multiplexer      |        -|      -|       -|     36|    -|
|Register         |        -|      -|       5|      -|    -|
+-----------------+---------+-------+--------+-------+-----+
|Total            |       88|    175|   46300|  48954|    0|
+-----------------+---------+-------+--------+-------+-----+
|Available        |      280|    220|  106400|  53200|    0|
+-----------------+---------+-------+--------+-------+-----+
|Utilization (%)  |       31|     79|      43|     92|    0|
+-----------------+---------+-------+--------+-------+-----+

+ Detail: 
    * Instance: 
    +------------------------+-------------+---------+-------+-------+-------+-----+
    |        Instance        |    Module   | BRAM_18K| DSP48E|   FF  |  LUT  | URAM|
    +------------------------+-------------+---------+-------+-------+-------+-----+
    |grp_lipnet_lstm_fu_196  |lipnet_lstm  |       88|    175|  46295|  48916|    0|
    +------------------------+-------------+---------+-------+-------+-------+-----+
    |Total                   |             |       88|    175|  46295|  48916|    0|
    +------------------------+-------------+---------+-------+-------+-------+-----+

    * DSP48E: 
    N/A

    * Memory: 
    N/A

    * FIFO: 
    N/A

    * Expression: 
    +-------------------------------------+----------+-------+---+----+------------+------------+
    |            Variable Name            | Operation| DSP48E| FF| LUT| Bitwidth P0| Bitwidth P1|
    +-------------------------------------+----------+-------+---+----+------------+------------+
    |grp_lipnet_lstm_fu_196_out_r_TREADY  |    and   |      0|  0|   2|           1|           1|
    +-------------------------------------+----------+-------+---+----+------------+------------+
    |Total                                |          |      0|  0|   2|           1|           1|
    +-------------------------------------+----------+-------+---+----+------------+------------+

    * Multiplexer: 
    +-----------------+----+-----------+-----+-----------+
    |       Name      | LUT| Input Size| Bits| Total Bits|
    +-----------------+----+-----------+-----+-----------+
    |ap_NS_fsm        |  27|          5|    1|          5|
    |in_r_TREADY_int  |   9|          2|    1|          2|
    +-----------------+----+-----------+-----+-----------+
    |Total            |  36|          7|    2|          7|
    +-----------------+----+-----------+-----+-----------+

    * Register: 
    +-------------------------------------+---+----+-----+-----------+
    |                 Name                | FF| LUT| Bits| Const Bits|
    +-------------------------------------+---+----+-----+-----------+
    |ap_CS_fsm                            |  4|   0|    4|          0|
    |grp_lipnet_lstm_fu_196_ap_start_reg  |  1|   0|    1|          0|
    +-------------------------------------+---+----+-----+-----------+
    |Total                                |  5|   0|    5|          0|
    +-------------------------------------+---+----+-----+-----------+



================================================================
== Interface
================================================================
* Summary: 
+--------------+-----+-----+--------------+--------------+--------------+
|   RTL Ports  | Dir | Bits|   Protocol   | Source Object|    C Type    |
+--------------+-----+-----+--------------+--------------+--------------+
|ap_clk        |  in |    1| ap_ctrl_none |   LSTM_Top   | return value |
|ap_rst_n      |  in |    1| ap_ctrl_none |   LSTM_Top   | return value |
|in_r_TDATA    |  in |   32|     axis     |   in_data_V  |    pointer   |
|in_r_TVALID   |  in |    1|     axis     |   in_dest_V  |    pointer   |
|in_r_TREADY   | out |    1|     axis     |   in_dest_V  |    pointer   |
|in_r_TDEST    |  in |    1|     axis     |   in_dest_V  |    pointer   |
|in_r_TKEEP    |  in |    4|     axis     |   in_keep_V  |    pointer   |
|in_r_TSTRB    |  in |    4|     axis     |   in_strb_V  |    pointer   |
|in_r_TUSER    |  in |    1|     axis     |   in_user_V  |    pointer   |
|in_r_TLAST    |  in |    1|     axis     |   in_last_V  |    pointer   |
|in_r_TID      |  in |    1|     axis     |    in_id_V   |    pointer   |
|out_r_TDATA   | out |   32|     axis     |  out_data_V  |    pointer   |
|out_r_TVALID  | out |    1|     axis     |  out_dest_V  |    pointer   |
|out_r_TREADY  |  in |    1|     axis     |  out_dest_V  |    pointer   |
|out_r_TDEST   | out |    1|     axis     |  out_dest_V  |    pointer   |
|out_r_TKEEP   | out |    4|     axis     |  out_keep_V  |    pointer   |
|out_r_TSTRB   | out |    4|     axis     |  out_strb_V  |    pointer   |
|out_r_TUSER   | out |    1|     axis     |  out_user_V  |    pointer   |
|out_r_TLAST   | out |    1|     axis     |  out_last_V  |    pointer   |
|out_r_TID     | out |    1|     axis     |   out_id_V   |    pointer   |
+--------------+-----+-----+--------------+--------------+--------------+

